{"timestamp":"2025-05-16T05:25:47.569Z","userId":"68232ad8828bda58cee1736f","action":"view","resourceType":"User","resourceId":"68232ad8828bda58cee1736f","details":"MongoDB view on User","userIp":"","userAgent":""}
{"timestamp":"2025-05-16T05:25:47.723Z","userId":"68232ad8828bda58cee1736f","action":"view","resourceType":"User","resourceId":"68232ad8828bda58cee1736f","details":"MongoDB view on User","userIp":"","userAgent":""}
{"timestamp":"2025-05-16T05:25:47.734Z","userId":"68232ad8828bda58cee1736f","action":"view","resourceType":"User","resourceId":"68232ad8828bda58cee1736f","details":"MongoDB view on User","userIp":"","userAgent":""}
{"timestamp":"2025-05-16T05:25:47.737Z","userId":"68232ad8828bda58cee1736f","action":"view","resourceType":"User","resourceId":"68232ad8828bda58cee1736f","details":"MongoDB view on User","userIp":"","userAgent":""}
{"timestamp":"2025-05-16T05:25:47.739Z","userId":"68232ad8828bda58cee1736f","action":"view","resourceType":"User","resourceId":"68232ad8828bda58cee1736f","details":"MongoDB view on User","userIp":"","userAgent":""}
{"timestamp":"2025-05-16T05:25:47.741Z","userId":"68232ad8828bda58cee1736f","action":"view","resourceType":"User","resourceId":"68232ad8828bda58cee1736f","details":"MongoDB view on User","userIp":"","userAgent":""}
{"timestamp":"2025-05-16T05:25:47.744Z","userId":"68232ad8828bda58cee1736f","action":"view","resourceType":"User","resourceId":"68232ad8828bda58cee1736f","details":"MongoDB view on User","userIp":"","userAgent":""}
{"timestamp":"2025-05-16T05:25:47.748Z","userId":"68232ad8828bda58cee1736f","action":"view","resourceType":"HealthData","resourceId":"latest","details":"MongoDB view on HealthData","userIp":"","userAgent":""}
{"timestamp":"2025-05-16T05:25:47.752Z","userId":"68232ad8828bda58cee1736f","action":"view","resourceType":"Reminder","resourceId":"multiple","details":"MongoDB view on Reminder","userIp":"","userAgent":""}
{"timestamp":"2025-05-16T05:25:47.779Z","userId":"68232ad8828bda58cee1736f","action":"view","resourceType":"AIInsight","resourceId":"multiple","details":"MongoDB view on AIInsight","userIp":"","userAgent":""}
{"timestamp":"2025-05-16T05:25:47.786Z","userId":0,"action":"view","resourceType":"Doctor","resourceId":"multiple","details":"MongoDB view on Doctor","userIp":"","userAgent":""}
{"timestamp":"2025-05-16T05:25:47.821Z","userId":"68232ad8828bda58cee1736f","action":"view","resourceType":"User","resourceId":"68232ad8828bda58cee1736f","details":"MongoDB view on User","userIp":"","userAgent":""}
{"timestamp":"2025-05-16T05:25:47.827Z","userId":"68232ad8828bda58cee1736f","action":"view","resourceType":"User","resourceId":"68232ad8828bda58cee1736f","details":"MongoDB view on User","userIp":"","userAgent":""}
{"timestamp":"2025-05-16T05:25:47.829Z","userId":"68232ad8828bda58cee1736f","action":"view","resourceType":"User","resourceId":"68232ad8828bda58cee1736f","details":"MongoDB view on User","userIp":"","userAgent":""}
{"timestamp":"2025-05-16T05:25:47.834Z","userId":"68232ad8828bda58cee1736f","action":"view","resourceType":"Reminder","resourceId":"multiple","details":"MongoDB view on Reminder","userIp":"","userAgent":""}
{"timestamp":"2025-05-16T05:25:47.839Z","userId":"68232ad8828bda58cee1736f","action":"view","resourceType":"HealthData","resourceId":"latest","details":"MongoDB view on HealthData","userIp":"","userAgent":""}
{"timestamp":"2025-05-16T05:25:57.101Z","userId":"68232ad8828bda58cee1736f","action":"view","resourceType":"User","resourceId":"68232ad8828bda58cee1736f","details":"MongoDB view on User","userIp":"","userAgent":""}
{"timestamp":"2025-05-16T05:25:57.186Z","userId":"68232ad8828bda58cee1736f","action":"view","resourceType":"User","resourceId":"68232ad8828bda58cee1736f","details":"MongoDB view on User","userIp":"","userAgent":""}
{"timestamp":"2025-05-16T05:25:57.188Z","userId":"68232ad8828bda58cee1736f","action":"view","resourceType":"User","resourceId":"68232ad8828bda58cee1736f","details":"MongoDB view on User","userIp":"","userAgent":""}
{"timestamp":"2025-05-16T05:25:57.195Z","userId":"68232ad8828bda58cee1736f","action":"view","resourceType":"AIInsight","resourceId":"multiple","details":"MongoDB view on AIInsight","userIp":"","userAgent":""}
{"timestamp":"2025-05-16T05:25:57.201Z","userId":"68232ad8828bda58cee1736f","action":"view","resourceType":"User","resourceId":"68232ad8828bda58cee1736f","details":"MongoDB view on User","userIp":"","userAgent":""}
{"timestamp":"2025-05-16T05:25:57.203Z","userId":"68232ad8828bda58cee1736f","action":"view","resourceType":"User","resourceId":"68232ad8828bda58cee1736f","details":"MongoDB view on User","userIp":"","userAgent":""}
{"timestamp":"2025-05-16T05:25:57.206Z","userId":"68232ad8828bda58cee1736f","action":"view","resourceType":"User","resourceId":"68232ad8828bda58cee1736f","details":"MongoDB view on User","userIp":"","userAgent":""}
{"timestamp":"2025-05-16T05:25:57.209Z","userId":"68232ad8828bda58cee1736f","action":"view","resourceType":"User","resourceId":"68232ad8828bda58cee1736f","details":"MongoDB view on User","userIp":"","userAgent":""}
{"timestamp":"2025-05-16T05:25:57.212Z","userId":"68232ad8828bda58cee1736f","action":"view","resourceType":"HealthData","resourceId":"latest","details":"MongoDB view on HealthData","userIp":"","userAgent":""}
{"timestamp":"2025-05-16T05:25:57.219Z","userId":0,"action":"view","resourceType":"Doctor","resourceId":"multiple","details":"MongoDB view on Doctor","userIp":"","userAgent":""}
{"timestamp":"2025-05-16T05:25:57.224Z","userId":"68232ad8828bda58cee1736f","action":"view","resourceType":"Reminder","resourceId":"multiple","details":"MongoDB view on Reminder","userIp":"","userAgent":""}
{"timestamp":"2025-05-16T05:25:57.254Z","userId":"68232ad8828bda58cee1736f","action":"view","resourceType":"User","resourceId":"68232ad8828bda58cee1736f","details":"MongoDB view on User","userIp":"","userAgent":""}
{"timestamp":"2025-05-16T05:38:11.131Z","userId":"68232ad8828bda58cee1736f","action":"view","resourceType":"User","resourceId":"68232ad8828bda58cee1736f","details":"MongoDB view on User","userIp":"","userAgent":""}
{"timestamp":"2025-05-16T05:38:11.146Z","userId":"68232ad8828bda58cee1736f","action":"view","resourceType":"User","resourceId":"68232ad8828bda58cee1736f","details":"MongoDB view on User","userIp":"","userAgent":""}
{"timestamp":"2025-05-16T05:38:11.150Z","userId":"68232ad8828bda58cee1736f","action":"view","resourceType":"User","resourceId":"68232ad8828bda58cee1736f","details":"MongoDB view on User","userIp":"","userAgent":""}
{"timestamp":"2025-05-16T05:38:11.162Z","userId":"68232ad8828bda58cee1736f","action":"view","resourceType":"User","resourceId":"68232ad8828bda58cee1736f","details":"MongoDB view on User","userIp":"","userAgent":""}
{"timestamp":"2025-05-16T05:38:11.170Z","userId":"68232ad8828bda58cee1736f","action":"view","resourceType":"AIInsight","resourceId":"multiple","details":"MongoDB view on AIInsight","userIp":"","userAgent":""}
{"timestamp":"2025-05-16T05:38:11.182Z","userId":0,"action":"view","resourceType":"Doctor","resourceId":"multiple","details":"MongoDB view on Doctor","userIp":"","userAgent":""}
{"timestamp":"2025-05-16T05:38:11.188Z","userId":"68232ad8828bda58cee1736f","action":"view","resourceType":"User","resourceId":"68232ad8828bda58cee1736f","details":"MongoDB view on User","userIp":"","userAgent":""}
{"timestamp":"2025-05-16T05:38:11.197Z","userId":"68232ad8828bda58cee1736f","action":"view","resourceType":"User","resourceId":"68232ad8828bda58cee1736f","details":"MongoDB view on User","userIp":"","userAgent":""}
{"timestamp":"2025-05-16T05:38:11.199Z","userId":"68232ad8828bda58cee1736f","action":"view","resourceType":"User","resourceId":"68232ad8828bda58cee1736f","details":"MongoDB view on User","userIp":"","userAgent":""}
{"timestamp":"2025-05-16T05:38:11.204Z","userId":"68232ad8828bda58cee1736f","action":"view","resourceType":"Reminder","resourceId":"multiple","details":"MongoDB view on Reminder","userIp":"","userAgent":""}
{"timestamp":"2025-05-16T05:38:11.209Z","userId":"68232ad8828bda58cee1736f","action":"view","resourceType":"HealthData","resourceId":"latest","details":"MongoDB view on HealthData","userIp":"","userAgent":""}
{"timestamp":"2025-05-16T05:59:01.960Z","userId":"68232ad8828bda58cee1736f","action":"view","resourceType":"User","resourceId":"68232ad8828bda58cee1736f","details":"MongoDB view on User","userIp":"","userAgent":""}
{"timestamp":"2025-05-16T05:59:02.290Z","userId":"68232ad8828bda58cee1736f","action":"view","resourceType":"User","resourceId":"68232ad8828bda58cee1736f","details":"MongoDB view on User","userIp":"","userAgent":""}
{"timestamp":"2025-05-16T05:59:02.304Z","userId":"68232ad8828bda58cee1736f","action":"view","resourceType":"User","resourceId":"68232ad8828bda58cee1736f","details":"MongoDB view on User","userIp":"","userAgent":""}
{"timestamp":"2025-05-16T05:59:02.323Z","userId":"68232ad8828bda58cee1736f","action":"view","resourceType":"HealthData","resourceId":"latest","details":"MongoDB view on HealthData","userIp":"","userAgent":""}
{"timestamp":"2025-05-16T05:59:02.349Z","userId":"68232ad8828bda58cee1736f","action":"view","resourceType":"Reminder","resourceId":"multiple","details":"MongoDB view on Reminder","userIp":"","userAgent":""}
{"timestamp":"2025-05-16T05:59:06.725Z","userId":"68232ad8828bda58cee1736f","action":"view","resourceType":"User","resourceId":"68232ad8828bda58cee1736f","details":"MongoDB view on User","userIp":"","userAgent":""}
{"timestamp":"2025-05-16T05:59:06.741Z","userId":"68232ad8828bda58cee1736f","action":"view","resourceType":"User","resourceId":"68232ad8828bda58cee1736f","details":"MongoDB view on User","userIp":"","userAgent":""}
{"timestamp":"2025-05-16T05:59:06.746Z","userId":"68232ad8828bda58cee1736f","action":"view","resourceType":"User","resourceId":"68232ad8828bda58cee1736f","details":"MongoDB view on User","userIp":"","userAgent":""}
{"timestamp":"2025-05-16T05:59:06.773Z","userId":"68232ad8828bda58cee1736f","action":"view","resourceType":"AIInsight","resourceId":"multiple","details":"MongoDB view on AIInsight","userIp":"","userAgent":""}
{"timestamp":"2025-05-16T05:59:06.778Z","userId":"68232ad8828bda58cee1736f","action":"view","resourceType":"User","resourceId":"68232ad8828bda58cee1736f","details":"MongoDB view on User","userIp":"","userAgent":""}
{"timestamp":"2025-05-16T05:59:06.819Z","userId":0,"action":"view","resourceType":"Doctor","resourceId":"multiple","details":"MongoDB view on Doctor","userIp":"","userAgent":""}
{"timestamp":"2025-05-16T05:59:06.884Z","userId":"68232ad8828bda58cee1736f","action":"view","resourceType":"User","resourceId":"68232ad8828bda58cee1736f","details":"MongoDB view on User","userIp":"","userAgent":""}
{"timestamp":"2025-05-16T05:59:06.904Z","userId":"68232ad8828bda58cee1736f","action":"view","resourceType":"User","resourceId":"68232ad8828bda58cee1736f","details":"MongoDB view on User","userIp":"","userAgent":""}
{"timestamp":"2025-05-16T05:59:06.908Z","userId":"68232ad8828bda58cee1736f","action":"view","resourceType":"User","resourceId":"68232ad8828bda58cee1736f","details":"MongoDB view on User","userIp":"","userAgent":""}
{"timestamp":"2025-05-16T05:59:06.915Z","userId":"68232ad8828bda58cee1736f","action":"view","resourceType":"User","resourceId":"68232ad8828bda58cee1736f","details":"MongoDB view on User","userIp":"","userAgent":""}
{"timestamp":"2025-05-16T05:59:06.920Z","userId":"68232ad8828bda58cee1736f","action":"view","resourceType":"User","resourceId":"68232ad8828bda58cee1736f","details":"MongoDB view on User","userIp":"","userAgent":""}
{"timestamp":"2025-05-16T05:59:06.934Z","userId":"68232ad8828bda58cee1736f","action":"view","resourceType":"HealthData","resourceId":"latest","details":"MongoDB view on HealthData","userIp":"","userAgent":""}
{"timestamp":"2025-05-16T05:59:06.956Z","userId":"68232ad8828bda58cee1736f","action":"view","resourceType":"Reminder","resourceId":"multiple","details":"MongoDB view on Reminder","userIp":"","userAgent":""}
{"timestamp":"2025-05-16T05:59:06.964Z","userId":"68232ad8828bda58cee1736f","action":"view","resourceType":"AIInsight","resourceId":"multiple","details":"MongoDB view on AIInsight","userIp":"","userAgent":""}
{"timestamp":"2025-05-16T05:59:30.097Z","userId":"68232ad8828bda58cee1736f","action":"view","resourceType":"User","resourceId":"68232ad8828bda58cee1736f","details":"MongoDB view on User","userIp":"","userAgent":""}
{"timestamp":"2025-05-16T05:59:30.140Z","userId":"68232ad8828bda58cee1736f","action":"view","resourceType":"User","resourceId":"68232ad8828bda58cee1736f","details":"MongoDB view on User","userIp":"","userAgent":""}
{"timestamp":"2025-05-16T05:59:30.149Z","userId":"68232ad8828bda58cee1736f","action":"view","resourceType":"Reminder","resourceId":"multiple","details":"MongoDB view on Reminder","userIp":"","userAgent":""}
{"timestamp":"2025-05-16T05:59:57.745Z","userId":"68232ad8828bda58cee1736f","action":"view","resourceType":"User","resourceId":"68232ad8828bda58cee1736f","details":"MongoDB view on User","userIp":"","userAgent":""}
{"timestamp":"2025-05-16T05:59:58.007Z","userId":"68232ad8828bda58cee1736f","action":"view","resourceType":"User","resourceId":"68232ad8828bda58cee1736f","details":"MongoDB view on User","userIp":"","userAgent":""}
{"timestamp":"2025-05-16T05:59:58.025Z","userId":"68232ad8828bda58cee1736f","action":"view","resourceType":"User","resourceId":"68232ad8828bda58cee1736f","details":"MongoDB view on User","userIp":"","userAgent":""}
{"timestamp":"2025-05-16T05:59:58.031Z","userId":"68232ad8828bda58cee1736f","action":"view","resourceType":"User","resourceId":"68232ad8828bda58cee1736f","details":"MongoDB view on User","userIp":"","userAgent":""}
{"timestamp":"2025-05-16T05:59:58.035Z","userId":"68232ad8828bda58cee1736f","action":"view","resourceType":"User","resourceId":"68232ad8828bda58cee1736f","details":"MongoDB view on User","userIp":"","userAgent":""}
{"timestamp":"2025-05-16T05:59:58.046Z","userId":"68232ad8828bda58cee1736f","action":"view","resourceType":"HealthData","resourceId":"latest","details":"MongoDB view on HealthData","userIp":"","userAgent":""}
{"timestamp":"2025-05-16T05:59:58.081Z","userId":"68232ad8828bda58cee1736f","action":"view","resourceType":"User","resourceId":"68232ad8828bda58cee1736f","details":"MongoDB view on User","userIp":"","userAgent":""}
{"timestamp":"2025-05-16T05:59:58.086Z","userId":"68232ad8828bda58cee1736f","action":"view","resourceType":"User","resourceId":"68232ad8828bda58cee1736f","details":"MongoDB view on User","userIp":"","userAgent":""}
{"timestamp":"2025-05-16T05:59:58.117Z","userId":"68232ad8828bda58cee1736f","action":"view","resourceType":"Reminder","resourceId":"multiple","details":"MongoDB view on Reminder","userIp":"","userAgent":""}
{"timestamp":"2025-05-16T05:59:58.128Z","userId":"68232ad8828bda58cee1736f","action":"view","resourceType":"AIInsight","resourceId":"multiple","details":"MongoDB view on AIInsight","userIp":"","userAgent":""}
{"timestamp":"2025-05-16T05:59:58.186Z","userId":0,"action":"view","resourceType":"Doctor","resourceId":"multiple","details":"MongoDB view on Doctor","userIp":"","userAgent":""}
{"timestamp":"2025-05-16T05:59:58.265Z","userId":"68232ad8828bda58cee1736f","action":"view","resourceType":"User","resourceId":"68232ad8828bda58cee1736f","details":"MongoDB view on User","userIp":"","userAgent":""}
{"timestamp":"2025-05-16T05:59:58.285Z","userId":"68232ad8828bda58cee1736f","action":"view","resourceType":"User","resourceId":"68232ad8828bda58cee1736f","details":"MongoDB view on User","userIp":"","userAgent":""}
{"timestamp":"2025-05-16T05:59:58.290Z","userId":"68232ad8828bda58cee1736f","action":"view","resourceType":"User","resourceId":"68232ad8828bda58cee1736f","details":"MongoDB view on User","userIp":"","userAgent":""}
{"timestamp":"2025-05-16T05:59:58.301Z","userId":"68232ad8828bda58cee1736f","action":"view","resourceType":"HealthData","resourceId":"latest","details":"MongoDB view on HealthData","userIp":"","userAgent":""}
{"timestamp":"2025-05-16T06:01:00.595Z","userId":"68232ad8828bda58cee1736f","action":"view","resourceType":"User","resourceId":"68232ad8828bda58cee1736f","details":"MongoDB view on User","userIp":"","userAgent":""}
{"timestamp":"2025-05-16T06:01:00.651Z","userId":"68232ad8828bda58cee1736f","action":"view","resourceType":"User","resourceId":"68232ad8828bda58cee1736f","details":"MongoDB view on User","userIp":"","userAgent":""}
{"timestamp":"2025-05-16T06:01:00.660Z","userId":"68232ad8828bda58cee1736f","action":"view","resourceType":"Reminder","resourceId":"multiple","details":"MongoDB view on Reminder","userIp":"","userAgent":""}
{"timestamp":"2025-05-16T06:01:14.334Z","userId":"68232ad8828bda58cee1736f","action":"view","resourceType":"User","resourceId":"68232ad8828bda58cee1736f","details":"MongoDB view on User","userIp":"","userAgent":""}
{"timestamp":"2025-05-16T06:01:14.384Z","userId":"68232ad8828bda58cee1736f","action":"view","resourceType":"User","resourceId":"68232ad8828bda58cee1736f","details":"MongoDB view on User","userIp":"","userAgent":""}
{"timestamp":"2025-05-16T06:01:14.395Z","userId":"68232ad8828bda58cee1736f","action":"view","resourceType":"Reminder","resourceId":"multiple","details":"MongoDB view on Reminder","userIp":"","userAgent":""}
{"timestamp":"2025-05-16T06:01:19.462Z","userId":"68232ad8828bda58cee1736f","action":"view","resourceType":"User","resourceId":"68232ad8828bda58cee1736f","details":"MongoDB view on User","userIp":"","userAgent":""}
{"timestamp":"2025-05-16T06:01:19.509Z","userId":"68232ad8828bda58cee1736f","action":"view","resourceType":"User","resourceId":"68232ad8828bda58cee1736f","details":"MongoDB view on User","userIp":"","userAgent":""}
{"timestamp":"2025-05-16T06:01:19.519Z","userId":"68232ad8828bda58cee1736f","action":"view","resourceType":"Reminder","resourceId":"multiple","details":"MongoDB view on Reminder","userIp":"","userAgent":""}
{"timestamp":"2025-05-16T06:01:26.883Z","userId":"68232ad8828bda58cee1736f","action":"view","resourceType":"User","resourceId":"68232ad8828bda58cee1736f","details":"MongoDB view on User","userIp":"","userAgent":""}
{"timestamp":"2025-05-16T06:01:26.920Z","userId":"68232ad8828bda58cee1736f","action":"view","resourceType":"User","resourceId":"68232ad8828bda58cee1736f","details":"MongoDB view on User","userIp":"","userAgent":""}
{"timestamp":"2025-05-16T06:01:26.928Z","userId":"68232ad8828bda58cee1736f","action":"view","resourceType":"Reminder","resourceId":"multiple","details":"MongoDB view on Reminder","userIp":"","userAgent":""}
{"timestamp":"2025-05-16T06:02:51.323Z","userId":"68232ad8828bda58cee1736f","action":"view","resourceType":"User","resourceId":"68232ad8828bda58cee1736f","details":"MongoDB view on User","userIp":"","userAgent":""}
{"timestamp":"2025-05-16T06:02:51.367Z","userId":"68232ad8828bda58cee1736f","action":"view","resourceType":"User","resourceId":"68232ad8828bda58cee1736f","details":"MongoDB view on User","userIp":"","userAgent":""}
{"timestamp":"2025-05-16T06:02:51.377Z","userId":"68232ad8828bda58cee1736f","action":"view","resourceType":"Reminder","resourceId":"multiple","details":"MongoDB view on Reminder","userIp":"","userAgent":""}
{"timestamp":"2025-05-16T06:03:53.758Z","userId":"68232ad8828bda58cee1736f","action":"view","resourceType":"User","resourceId":"68232ad8828bda58cee1736f","details":"MongoDB view on User","userIp":"","userAgent":""}
{"timestamp":"2025-05-16T06:03:54.745Z","userId":"68232ad8828bda58cee1736f","action":"view","resourceType":"User","resourceId":"68232ad8828bda58cee1736f","details":"MongoDB view on User","userIp":"","userAgent":""}
{"timestamp":"2025-05-16T06:03:54.756Z","userId":"68232ad8828bda58cee1736f","action":"view","resourceType":"User","resourceId":"68232ad8828bda58cee1736f","details":"MongoDB view on User","userIp":"","userAgent":""}
{"timestamp":"2025-05-16T06:03:54.764Z","userId":"68232ad8828bda58cee1736f","action":"view","resourceType":"HealthData","resourceId":"latest","details":"MongoDB view on HealthData","userIp":"","userAgent":""}
{"timestamp":"2025-05-16T06:03:54.791Z","userId":"68232ad8828bda58cee1736f","action":"view","resourceType":"Reminder","resourceId":"multiple","details":"MongoDB view on Reminder","userIp":"","userAgent":""}
{"timestamp":"2025-05-16T06:04:07.321Z","userId":"68232ad8828bda58cee1736f","action":"view","resourceType":"User","resourceId":"68232ad8828bda58cee1736f","details":"MongoDB view on User","userIp":"","userAgent":""}
{"timestamp":"2025-05-16T06:04:07.367Z","userId":"68232ad8828bda58cee1736f","action":"view","resourceType":"User","resourceId":"68232ad8828bda58cee1736f","details":"MongoDB view on User","userIp":"","userAgent":""}
{"timestamp":"2025-05-16T06:04:07.378Z","userId":"68232ad8828bda58cee1736f","action":"view","resourceType":"Reminder","resourceId":"multiple","details":"MongoDB view on Reminder","userIp":"","userAgent":""}
{"timestamp":"2025-05-16T06:07:57.320Z","userId":"68232ad8828bda58cee1736f","action":"view","resourceType":"User","resourceId":"68232ad8828bda58cee1736f","details":"MongoDB view on User","userIp":"","userAgent":""}
{"timestamp":"2025-05-16T06:07:57.336Z","userId":"68232ad8828bda58cee1736f","action":"view","resourceType":"User","resourceId":"68232ad8828bda58cee1736f","details":"MongoDB view on User","userIp":"","userAgent":""}
{"timestamp":"2025-05-16T06:07:57.341Z","userId":"68232ad8828bda58cee1736f","action":"view","resourceType":"User","resourceId":"68232ad8828bda58cee1736f","details":"MongoDB view on User","userIp":"","userAgent":""}
{"timestamp":"2025-05-16T06:07:57.347Z","userId":"68232ad8828bda58cee1736f","action":"view","resourceType":"User","resourceId":"68232ad8828bda58cee1736f","details":"MongoDB view on User","userIp":"","userAgent":""}
{"timestamp":"2025-05-16T06:07:57.407Z","userId":"68232ad8828bda58cee1736f","action":"view","resourceType":"AIInsight","resourceId":"multiple","details":"MongoDB view on AIInsight","userIp":"","userAgent":""}
{"timestamp":"2025-05-16T06:07:57.415Z","userId":0,"action":"view","resourceType":"Doctor","resourceId":"multiple","details":"MongoDB view on Doctor","userIp":"","userAgent":""}
{"timestamp":"2025-05-16T06:07:57.458Z","userId":"68232ad8828bda58cee1736f","action":"view","resourceType":"User","resourceId":"68232ad8828bda58cee1736f","details":"MongoDB view on User","userIp":"","userAgent":""}
{"timestamp":"2025-05-16T06:07:57.470Z","userId":"68232ad8828bda58cee1736f","action":"view","resourceType":"User","resourceId":"68232ad8828bda58cee1736f","details":"MongoDB view on User","userIp":"","userAgent":""}
{"timestamp":"2025-05-16T06:07:57.477Z","userId":"68232ad8828bda58cee1736f","action":"view","resourceType":"User","resourceId":"68232ad8828bda58cee1736f","details":"MongoDB view on User","userIp":"","userAgent":""}
{"timestamp":"2025-05-16T06:07:57.499Z","userId":"68232ad8828bda58cee1736f","action":"view","resourceType":"HealthData","resourceId":"latest","details":"MongoDB view on HealthData","userIp":"","userAgent":""}
{"timestamp":"2025-05-16T06:07:57.511Z","userId":"68232ad8828bda58cee1736f","action":"view","resourceType":"Reminder","resourceId":"multiple","details":"MongoDB view on Reminder","userIp":"","userAgent":""}
{"timestamp":"2025-05-16T06:08:18.529Z","userId":"68232ad8828bda58cee1736f","action":"view","resourceType":"User","resourceId":"68232ad8828bda58cee1736f","details":"MongoDB view on User","userIp":"","userAgent":""}
{"timestamp":"2025-05-16T06:08:18.580Z","userId":"68232ad8828bda58cee1736f","action":"view","resourceType":"User","resourceId":"68232ad8828bda58cee1736f","details":"MongoDB view on User","userIp":"","userAgent":""}
{"timestamp":"2025-05-16T06:10:58.589Z","userId":"68232ad8828bda58cee1736f","action":"view","resourceType":"User","resourceId":"68232ad8828bda58cee1736f","details":"MongoDB view on User","userIp":"","userAgent":""}
{"timestamp":"2025-05-16T06:10:58.635Z","userId":"68232ad8828bda58cee1736f","action":"view","resourceType":"User","resourceId":"68232ad8828bda58cee1736f","details":"MongoDB view on User","userIp":"","userAgent":""}
{"timestamp":"2025-05-16T06:12:43.884Z","userId":"68232ad8828bda58cee1736f","action":"view","resourceType":"User","resourceId":"68232ad8828bda58cee1736f","details":"MongoDB view on User","userIp":"","userAgent":""}
{"timestamp":"2025-05-16T06:12:43.897Z","userId":1,"action":"view","resourceType":"WearableDevice","resourceId":"multiple","details":"MongoDB view on WearableDevice","userIp":"","userAgent":""}
{"timestamp":"2025-05-16T06:12:57.575Z","userId":"68232ad8828bda58cee1736f","action":"view","resourceType":"User","resourceId":"68232ad8828bda58cee1736f","details":"MongoDB view on User","userIp":"","userAgent":""}
{"timestamp":"2025-05-16T06:12:57.590Z","userId":"68232ad8828bda58cee1736f","action":"view","resourceType":"HealthData","resourceId":"multiple","details":"MongoDB view on HealthData","userIp":"","userAgent":""}
{"timestamp":"2025-05-16T07:55:27.464Z","userId":0,"action":"view","resourceType":"User","resourceId":"aaa","details":"MongoDB view on User","userIp":"","userAgent":""}
{"timestamp":"2025-05-16T07:55:27.591Z","userId":"68232d2ef48a989182244092","action":"view","resourceType":"User","resourceId":"68232d2ef48a989182244092","details":"MongoDB view on User","userIp":"","userAgent":""}
{"timestamp":"2025-05-16T07:55:27.602Z","userId":"68232d2ef48a989182244092","action":"view","resourceType":"User","resourceId":"68232d2ef48a989182244092","details":"MongoDB view on User","userIp":"","userAgent":""}
{"timestamp":"2025-05-16T07:55:27.605Z","userId":"68232d2ef48a989182244092","action":"view","resourceType":"User","resourceId":"68232d2ef48a989182244092","details":"MongoDB view on User","userIp":"","userAgent":""}
{"timestamp":"2025-05-16T07:55:27.608Z","userId":"68232d2ef48a989182244092","action":"view","resourceType":"User","resourceId":"68232d2ef48a989182244092","details":"MongoDB view on User","userIp":"","userAgent":""}
{"timestamp":"2025-05-16T07:55:27.614Z","userId":"68232d2ef48a989182244092","action":"view","resourceType":"HealthData","resourceId":"latest","details":"MongoDB view on HealthData","userIp":"","userAgent":""}
{"timestamp":"2025-05-16T07:55:27.650Z","userId":"68232d2ef48a989182244092","action":"view","resourceType":"AIInsight","resourceId":"multiple","details":"MongoDB view on AIInsight","userIp":"","userAgent":""}
{"timestamp":"2025-05-16T07:55:27.654Z","userId":"68232d2ef48a989182244092","action":"view","resourceType":"User","resourceId":"68232d2ef48a989182244092","details":"MongoDB view on User","userIp":"","userAgent":""}
{"timestamp":"2025-05-16T07:55:27.657Z","userId":"68232d2ef48a989182244092","action":"view","resourceType":"User","resourceId":"68232d2ef48a989182244092","details":"MongoDB view on User","userIp":"","userAgent":""}
{"timestamp":"2025-05-16T07:55:27.669Z","userId":0,"action":"view","resourceType":"Doctor","resourceId":"multiple","details":"MongoDB view on Doctor","userIp":"","userAgent":""}
{"timestamp":"2025-05-16T07:55:27.699Z","userId":"68232d2ef48a989182244092","action":"view","resourceType":"User","resourceId":"68232d2ef48a989182244092","details":"MongoDB view on User","userIp":"","userAgent":""}
{"timestamp":"2025-05-16T07:55:27.708Z","userId":"68232d2ef48a989182244092","action":"view","resourceType":"Reminder","resourceId":"multiple","details":"MongoDB view on Reminder","userIp":"","userAgent":""}
{"timestamp":"2025-05-16T07:55:43.207Z","userId":"68232d2ef48a989182244092","action":"view","resourceType":"User","resourceId":"68232d2ef48a989182244092","details":"MongoDB view on User","userIp":"","userAgent":""}
{"timestamp":"2025-05-16T07:55:43.215Z","userId":"68232d2ef48a989182244092","action":"view","resourceType":"HealthData","resourceId":"multiple","details":"MongoDB view on HealthData","userIp":"","userAgent":""}
{"timestamp":"2025-05-16T07:56:49.152Z","userId":"68232d2ef48a989182244092","action":"view","resourceType":"User","resourceId":"68232d2ef48a989182244092","details":"MongoDB view on User","userIp":"","userAgent":""}
{"timestamp":"2025-05-16T07:56:49.255Z","userId":"68232d2ef48a989182244092","action":"view","resourceType":"User","resourceId":"68232d2ef48a989182244092","details":"MongoDB view on User","userIp":"","userAgent":""}
{"timestamp":"2025-05-16T07:56:49.260Z","userId":"68232d2ef48a989182244092","action":"view","resourceType":"User","resourceId":"68232d2ef48a989182244092","details":"MongoDB view on User","userIp":"","userAgent":""}
{"timestamp":"2025-05-16T07:56:49.264Z","userId":"68232d2ef48a989182244092","action":"view","resourceType":"HealthData","resourceId":"latest","details":"MongoDB view on HealthData","userIp":"","userAgent":""}
{"timestamp":"2025-05-16T07:56:49.274Z","userId":"68232d2ef48a989182244092","action":"view","resourceType":"Reminder","resourceId":"multiple","details":"MongoDB view on Reminder","userIp":"","userAgent":""}
{"timestamp":"2025-05-16T07:57:15.934Z","userId":"68232d2ef48a989182244092","action":"view","resourceType":"User","resourceId":"68232d2ef48a989182244092","details":"MongoDB view on User","userIp":"","userAgent":""}
{"timestamp":"2025-05-16T07:57:15.943Z","userId":"68232d2ef48a989182244092","action":"view","resourceType":"User","resourceId":"68232d2ef48a989182244092","details":"MongoDB view on User","userIp":"","userAgent":""}
{"timestamp":"2025-05-16T07:57:15.948Z","userId":"68232d2ef48a989182244092","action":"view","resourceType":"User","resourceId":"68232d2ef48a989182244092","details":"MongoDB view on User","userIp":"","userAgent":""}
{"timestamp":"2025-05-16T07:57:15.951Z","userId":"68232d2ef48a989182244092","action":"view","resourceType":"User","resourceId":"68232d2ef48a989182244092","details":"MongoDB view on User","userIp":"","userAgent":""}
{"timestamp":"2025-05-16T07:57:15.961Z","userId":"68232d2ef48a989182244092","action":"view","resourceType":"AIInsight","resourceId":"multiple","details":"MongoDB view on AIInsight","userIp":"","userAgent":""}
{"timestamp":"2025-05-16T07:57:15.978Z","userId":0,"action":"view","resourceType":"Doctor","resourceId":"multiple","details":"MongoDB view on Doctor","userIp":"","userAgent":""}
{"timestamp":"2025-05-16T07:57:15.996Z","userId":"68232d2ef48a989182244092","action":"view","resourceType":"User","resourceId":"68232d2ef48a989182244092","details":"MongoDB view on User","userIp":"","userAgent":""}
{"timestamp":"2025-05-16T07:57:15.999Z","userId":"68232d2ef48a989182244092","action":"view","resourceType":"User","resourceId":"68232d2ef48a989182244092","details":"MongoDB view on User","userIp":"","userAgent":""}
{"timestamp":"2025-05-16T07:57:16.003Z","userId":"68232d2ef48a989182244092","action":"view","resourceType":"User","resourceId":"68232d2ef48a989182244092","details":"MongoDB view on User","userIp":"","userAgent":""}
{"timestamp":"2025-05-16T07:57:16.011Z","userId":"68232d2ef48a989182244092","action":"view","resourceType":"HealthData","resourceId":"latest","details":"MongoDB view on HealthData","userIp":"","userAgent":""}
{"timestamp":"2025-05-16T07:57:16.020Z","userId":"68232d2ef48a989182244092","action":"view","resourceType":"Reminder","resourceId":"multiple","details":"MongoDB view on Reminder","userIp":"","userAgent":""}
{"timestamp":"2025-05-16T08:03:54.735Z","userId":"68232d2ef48a989182244092","action":"view","resourceType":"User","resourceId":"68232d2ef48a989182244092","details":"MongoDB view on User","userIp":"","userAgent":""}
{"timestamp":"2025-05-16T08:03:54.860Z","userId":"68232d2ef48a989182244092","action":"view","resourceType":"User","resourceId":"68232d2ef48a989182244092","details":"MongoDB view on User","userIp":"","userAgent":""}
{"timestamp":"2025-05-16T08:03:54.901Z","userId":"68232d2ef48a989182244092","action":"view","resourceType":"User","resourceId":"68232d2ef48a989182244092","details":"MongoDB view on User","userIp":"","userAgent":""}
{"timestamp":"2025-05-16T08:03:54.904Z","userId":"68232d2ef48a989182244092","action":"view","resourceType":"User","resourceId":"68232d2ef48a989182244092","details":"MongoDB view on User","userIp":"","userAgent":""}
{"timestamp":"2025-05-16T08:03:54.907Z","userId":"68232d2ef48a989182244092","action":"view","resourceType":"User","resourceId":"68232d2ef48a989182244092","details":"MongoDB view on User","userIp":"","userAgent":""}
{"timestamp":"2025-05-16T08:03:54.909Z","userId":"68232d2ef48a989182244092","action":"view","resourceType":"User","resourceId":"68232d2ef48a989182244092","details":"MongoDB view on User","userIp":"","userAgent":""}
{"timestamp":"2025-05-16T08:03:54.911Z","userId":"68232d2ef48a989182244092","action":"view","resourceType":"User","resourceId":"68232d2ef48a989182244092","details":"MongoDB view on User","userIp":"","userAgent":""}
{"timestamp":"2025-05-16T08:03:54.917Z","userId":"68232d2ef48a989182244092","action":"view","resourceType":"HealthData","resourceId":"latest","details":"MongoDB view on HealthData","userIp":"","userAgent":""}
{"timestamp":"2025-05-16T08:03:54.936Z","userId":"68232d2ef48a989182244092","action":"view","resourceType":"Reminder","resourceId":"multiple","details":"MongoDB view on Reminder","userIp":"","userAgent":""}
{"timestamp":"2025-05-16T08:03:54.978Z","userId":"68232d2ef48a989182244092","action":"view","resourceType":"AIInsight","resourceId":"multiple","details":"MongoDB view on AIInsight","userIp":"","userAgent":""}
{"timestamp":"2025-05-16T08:03:54.988Z","userId":0,"action":"view","resourceType":"Doctor","resourceId":"multiple","details":"MongoDB view on Doctor","userIp":"","userAgent":""}
{"timestamp":"2025-05-16T08:03:55.006Z","userId":"68232d2ef48a989182244092","action":"view","resourceType":"User","resourceId":"68232d2ef48a989182244092","details":"MongoDB view on User","userIp":"","userAgent":""}
{"timestamp":"2025-05-16T08:27:41.897Z","userId":0,"action":"view","resourceType":"User","resourceId":"aaa","details":"MongoDB view on User","userIp":"","userAgent":""}
{"timestamp":"2025-05-16T08:27:42.046Z","userId":"68232d2ef48a989182244092","action":"view","resourceType":"User","resourceId":"68232d2ef48a989182244092","details":"MongoDB view on User","userIp":"","userAgent":""}
{"timestamp":"2025-05-16T08:27:42.055Z","userId":"68232d2ef48a989182244092","action":"view","resourceType":"HealthData","resourceId":"latest","details":"MongoDB view on HealthData","userIp":"","userAgent":""}
{"timestamp":"2025-05-16T08:27:42.062Z","userId":"68232d2ef48a989182244092","action":"view","resourceType":"User","resourceId":"68232d2ef48a989182244092","details":"MongoDB view on User","userIp":"","userAgent":""}
{"timestamp":"2025-05-16T08:27:42.085Z","userId":"68232d2ef48a989182244092","action":"view","resourceType":"User","resourceId":"68232d2ef48a989182244092","details":"MongoDB view on User","userIp":"","userAgent":""}
{"timestamp":"2025-05-16T08:27:42.089Z","userId":"68232d2ef48a989182244092","action":"view","resourceType":"User","resourceId":"68232d2ef48a989182244092","details":"MongoDB view on User","userIp":"","userAgent":""}
{"timestamp":"2025-05-16T08:27:42.094Z","userId":"68232d2ef48a989182244092","action":"view","resourceType":"User","resourceId":"68232d2ef48a989182244092","details":"MongoDB view on User","userIp":"","userAgent":""}
{"timestamp":"2025-05-16T08:27:42.098Z","userId":"68232d2ef48a989182244092","action":"view","resourceType":"User","resourceId":"68232d2ef48a989182244092","details":"MongoDB view on User","userIp":"","userAgent":""}
{"timestamp":"2025-05-16T08:27:42.105Z","userId":0,"action":"view","resourceType":"Doctor","resourceId":"multiple","details":"MongoDB view on Doctor","userIp":"","userAgent":""}
{"timestamp":"2025-05-16T08:27:42.136Z","userId":"68232d2ef48a989182244092","action":"view","resourceType":"AIInsight","resourceId":"multiple","details":"MongoDB view on AIInsight","userIp":"","userAgent":""}
{"timestamp":"2025-05-16T08:27:42.170Z","userId":"68232d2ef48a989182244092","action":"view","resourceType":"Reminder","resourceId":"multiple","details":"MongoDB view on Reminder","userIp":"","userAgent":""}
{"timestamp":"2025-05-16T08:27:42.210Z","userId":"68232d2ef48a989182244092","action":"view","resourceType":"User","resourceId":"68232d2ef48a989182244092","details":"MongoDB view on User","userIp":"","userAgent":""}
{"timestamp":"2025-05-16T08:27:42.223Z","userId":"68232d2ef48a989182244092","action":"view","resourceType":"User","resourceId":"68232d2ef48a989182244092","details":"MongoDB view on User","userIp":"","userAgent":""}
{"timestamp":"2025-05-16T08:27:42.226Z","userId":"68232d2ef48a989182244092","action":"view","resourceType":"User","resourceId":"68232d2ef48a989182244092","details":"MongoDB view on User","userIp":"","userAgent":""}
{"timestamp":"2025-05-16T08:27:42.230Z","userId":"68232d2ef48a989182244092","action":"view","resourceType":"User","resourceId":"68232d2ef48a989182244092","details":"MongoDB view on User","userIp":"","userAgent":""}
{"timestamp":"2025-05-16T08:27:42.233Z","userId":"68232d2ef48a989182244092","action":"view","resourceType":"User","resourceId":"68232d2ef48a989182244092","details":"MongoDB view on User","userIp":"","userAgent":""}
{"timestamp":"2025-05-16T08:27:42.239Z","userId":"68232d2ef48a989182244092","action":"view","resourceType":"AIInsight","resourceId":"multiple","details":"MongoDB view on AIInsight","userIp":"","userAgent":""}
{"timestamp":"2025-05-16T08:27:42.248Z","userId":0,"action":"view","resourceType":"Doctor","resourceId":"multiple","details":"MongoDB view on Doctor","userIp":"","userAgent":""}
{"timestamp":"2025-05-16T08:27:42.255Z","userId":"68232d2ef48a989182244092","action":"view","resourceType":"HealthData","resourceId":"latest","details":"MongoDB view on HealthData","userIp":"","userAgent":""}
{"timestamp":"2025-05-16T08:28:00.735Z","userId":"68232d2ef48a989182244092","action":"view","resourceType":"User","resourceId":"68232d2ef48a989182244092","details":"MongoDB view on User","userIp":"","userAgent":""}
{"timestamp":"2025-05-16T08:28:00.744Z","userId":"68232d2ef48a989182244092","action":"create","resourceType":"HealthData","resourceId":"multiple","details":"MongoDB create on HealthData","userIp":"","userAgent":""}
{"timestamp":"2025-05-16T08:28:00.768Z","userId":"68232d2ef48a989182244092","action":"view","resourceType":"User","resourceId":"68232d2ef48a989182244092","details":"MongoDB view on User","userIp":"","userAgent":""}
{"timestamp":"2025-05-16T08:28:00.773Z","userId":"68232d2ef48a989182244092","action":"view","resourceType":"HealthData","resourceId":"latest","details":"MongoDB view on HealthData","userIp":"","userAgent":""}
{"timestamp":"2025-05-16T08:28:06.995Z","userId":"68232d2ef48a989182244092","action":"view","resourceType":"User","resourceId":"68232d2ef48a989182244092","details":"MongoDB view on User","userIp":"","userAgent":""}
{"timestamp":"2025-05-16T08:28:07.002Z","userId":"68232d2ef48a989182244092","action":"view","resourceType":"HealthData","resourceId":"multiple","details":"MongoDB view on HealthData","userIp":"","userAgent":""}
{"timestamp":"2025-05-16T08:28:25.647Z","userId":"68232d2ef48a989182244092","action":"view","resourceType":"User","resourceId":"68232d2ef48a989182244092","details":"MongoDB view on User","userIp":"","userAgent":""}
{"timestamp":"2025-05-16T08:28:25.703Z","userId":"68232d2ef48a989182244092","action":"view","resourceType":"User","resourceId":"68232d2ef48a989182244092","details":"MongoDB view on User","userIp":"","userAgent":""}
{"timestamp":"2025-05-16T08:28:25.705Z","userId":"68232d2ef48a989182244092","action":"view","resourceType":"User","resourceId":"68232d2ef48a989182244092","details":"MongoDB view on User","userIp":"","userAgent":""}
{"timestamp":"2025-05-16T08:28:25.717Z","userId":"68232d2ef48a989182244092","action":"view","resourceType":"HealthData","resourceId":"latest","details":"MongoDB view on HealthData","userIp":"","userAgent":""}
{"timestamp":"2025-05-16T08:28:25.720Z","userId":"68232d2ef48a989182244092","action":"view","resourceType":"User","resourceId":"68232d2ef48a989182244092","details":"MongoDB view on User","userIp":"","userAgent":""}
{"timestamp":"2025-05-16T08:28:25.723Z","userId":"68232d2ef48a989182244092","action":"view","resourceType":"User","resourceId":"68232d2ef48a989182244092","details":"MongoDB view on User","userIp":"","userAgent":""}
{"timestamp":"2025-05-16T08:28:25.726Z","userId":"68232d2ef48a989182244092","action":"view","resourceType":"User","resourceId":"68232d2ef48a989182244092","details":"MongoDB view on User","userIp":"","userAgent":""}
{"timestamp":"2025-05-16T08:28:25.729Z","userId":"68232d2ef48a989182244092","action":"view","resourceType":"User","resourceId":"68232d2ef48a989182244092","details":"MongoDB view on User","userIp":"","userAgent":""}
{"timestamp":"2025-05-16T08:28:25.737Z","userId":0,"action":"view","resourceType":"Doctor","resourceId":"multiple","details":"MongoDB view on Doctor","userIp":"","userAgent":""}
{"timestamp":"2025-05-16T08:28:25.759Z","userId":"68232d2ef48a989182244092","action":"view","resourceType":"Reminder","resourceId":"multiple","details":"MongoDB view on Reminder","userIp":"","userAgent":""}
{"timestamp":"2025-05-16T08:28:25.763Z","userId":"68232d2ef48a989182244092","action":"view","resourceType":"AIInsight","resourceId":"multiple","details":"MongoDB view on AIInsight","userIp":"","userAgent":""}
{"timestamp":"2025-05-16T08:28:47.358Z","userId":"68232d2ef48a989182244092","action":"view","resourceType":"User","resourceId":"68232d2ef48a989182244092","details":"MongoDB view on User","userIp":"","userAgent":""}
{"timestamp":"2025-05-16T08:28:47.388Z","userId":"68232d2ef48a989182244092","action":"view","resourceType":"User","resourceId":"68232d2ef48a989182244092","details":"MongoDB view on User","userIp":"","userAgent":""}
{"timestamp":"2025-05-16T08:28:47.393Z","userId":"68232d2ef48a989182244092","action":"view","resourceType":"Reminder","resourceId":"multiple","details":"MongoDB view on Reminder","userIp":"","userAgent":""}
{"timestamp":"2025-05-16T08:28:57.419Z","userId":"68232d2ef48a989182244092","action":"view","resourceType":"User","resourceId":"68232d2ef48a989182244092","details":"MongoDB view on User","userIp":"","userAgent":""}
{"timestamp":"2025-05-16T08:28:57.452Z","userId":"68232d2ef48a989182244092","action":"view","resourceType":"User","resourceId":"68232d2ef48a989182244092","details":"MongoDB view on User","userIp":"","userAgent":""}
{"timestamp":"2025-05-16T08:29:05.316Z","userId":"68232d2ef48a989182244092","action":"view","resourceType":"User","resourceId":"68232d2ef48a989182244092","details":"MongoDB view on User","userIp":"","userAgent":""}
{"timestamp":"2025-05-16T08:29:05.326Z","userId":"68232d2ef48a989182244092","action":"view","resourceType":"HealthData","resourceId":"multiple","details":"MongoDB view on HealthData","userIp":"","userAgent":""}
{"timestamp":"2025-05-16T08:54:01.574Z","userId":"68232d2ef48a989182244092","action":"view","resourceType":"User","resourceId":"68232d2ef48a989182244092","details":"MongoDB view on User","userIp":"","userAgent":""}
{"timestamp":"2025-05-16T08:54:02.200Z","userId":"68232d2ef48a989182244092","action":"view","resourceType":"User","resourceId":"68232d2ef48a989182244092","details":"MongoDB view on User","userIp":"","userAgent":""}
{"timestamp":"2025-05-16T08:54:02.205Z","userId":"68232d2ef48a989182244092","action":"view","resourceType":"User","resourceId":"68232d2ef48a989182244092","details":"MongoDB view on User","userIp":"","userAgent":""}
{"timestamp":"2025-05-16T08:54:02.216Z","userId":"68232d2ef48a989182244092","action":"view","resourceType":"HealthData","resourceId":"latest","details":"MongoDB view on HealthData","userIp":"","userAgent":""}
{"timestamp":"2025-05-16T08:54:02.221Z","userId":"68232d2ef48a989182244092","action":"view","resourceType":"User","resourceId":"68232d2ef48a989182244092","details":"MongoDB view on User","userIp":"","userAgent":""}
{"timestamp":"2025-05-16T08:54:02.250Z","userId":"68232d2ef48a989182244092","action":"view","resourceType":"AIInsight","resourceId":"multiple","details":"MongoDB view on AIInsight","userIp":"","userAgent":""}
{"timestamp":"2025-05-16T08:54:02.262Z","userId":"68232d2ef48a989182244092","action":"view","resourceType":"HealthData","resourceId":"multiple","details":"MongoDB view on HealthData","userIp":"","userAgent":""}
{"timestamp":"2025-05-16T09:07:13.007Z","userId":"68232d2ef48a989182244092","action":"view","resourceType":"User","resourceId":"68232d2ef48a989182244092","details":"MongoDB view on User","userIp":"","userAgent":""}
{"timestamp":"2025-05-16T09:07:13.132Z","userId":"68232d2ef48a989182244092","action":"view","resourceType":"User","resourceId":"68232d2ef48a989182244092","details":"MongoDB view on User","userIp":"","userAgent":""}
{"timestamp":"2025-05-16T09:07:13.136Z","userId":"68232d2ef48a989182244092","action":"view","resourceType":"User","resourceId":"68232d2ef48a989182244092","details":"MongoDB view on User","userIp":"","userAgent":""}
{"timestamp":"2025-05-16T09:07:13.137Z","userId":"68232d2ef48a989182244092","action":"view","resourceType":"User","resourceId":"68232d2ef48a989182244092","details":"MongoDB view on User","userIp":"","userAgent":""}
{"timestamp":"2025-05-16T09:07:13.141Z","userId":"68232d2ef48a989182244092","action":"view","resourceType":"AIInsight","resourceId":"multiple","details":"MongoDB view on AIInsight","userIp":"","userAgent":""}
{"timestamp":"2025-05-16T09:07:13.151Z","userId":"68232d2ef48a989182244092","action":"view","resourceType":"HealthData","resourceId":"latest","details":"MongoDB view on HealthData","userIp":"","userAgent":""}
{"timestamp":"2025-05-16T09:07:13.153Z","userId":"68232d2ef48a989182244092","action":"view","resourceType":"HealthData","resourceId":"multiple","details":"MongoDB view on HealthData","userIp":"","userAgent":""}
