{"timestamp":"2025-05-14T05:23:42.451Z","userId":0,"action":"view","resourceType":"User","resourceId":"sasu","details":"MongoDB view on User","userIp":"","userAgent":""}
{"timestamp":"2025-05-14T05:23:42.845Z","userId":"68232ad8828bda58cee1736f","action":"view","resourceType":"User","resourceId":"68232ad8828bda58cee1736f","details":"MongoDB view on User","userIp":"","userAgent":""}
{"timestamp":"2025-05-14T05:23:42.881Z","userId":"68232ad8828bda58cee1736f","action":"view","resourceType":"User","resourceId":"68232ad8828bda58cee1736f","details":"MongoDB view on User","userIp":"","userAgent":""}
{"timestamp":"2025-05-14T05:23:42.891Z","userId":"68232ad8828bda58cee1736f","action":"view","resourceType":"User","resourceId":"68232ad8828bda58cee1736f","details":"MongoDB view on User","userIp":"","userAgent":""}
{"timestamp":"2025-05-14T05:23:42.909Z","userId":"68232ad8828bda58cee1736f","action":"view","resourceType":"HealthData","resourceId":"latest","details":"MongoDB view on HealthData","userIp":"","userAgent":""}
{"timestamp":"2025-05-14T05:23:43.032Z","userId":"68232ad8828bda58cee1736f","action":"view","resourceType":"User","resourceId":"68232ad8828bda58cee1736f","details":"MongoDB view on User","userIp":"","userAgent":""}
{"timestamp":"2025-05-14T05:23:43.038Z","userId":"68232ad8828bda58cee1736f","action":"view","resourceType":"User","resourceId":"68232ad8828bda58cee1736f","details":"MongoDB view on User","userIp":"","userAgent":""}
{"timestamp":"2025-05-14T05:23:43.044Z","userId":"68232ad8828bda58cee1736f","action":"view","resourceType":"User","resourceId":"68232ad8828bda58cee1736f","details":"MongoDB view on User","userIp":"","userAgent":""}
{"timestamp":"2025-05-14T05:23:43.058Z","userId":"68232ad8828bda58cee1736f","action":"view","resourceType":"AIInsight","resourceId":"multiple","details":"MongoDB view on AIInsight","userIp":"","userAgent":""}
{"timestamp":"2025-05-14T05:23:43.085Z","userId":0,"action":"view","resourceType":"Doctor","resourceId":"multiple","details":"MongoDB view on Doctor","userIp":"","userAgent":""}
{"timestamp":"2025-05-14T05:23:43.144Z","userId":68232,"action":"view","resourceType":"Goal","resourceId":"multiple","details":"MongoDB view on Goal","userIp":"","userAgent":""}
{"timestamp":"2025-05-14T05:23:43.159Z","userId":"68232ad8828bda58cee1736f","action":"view","resourceType":"Reminder","resourceId":"multiple","details":"MongoDB view on Reminder","userIp":"","userAgent":""}
{"timestamp":"2025-05-14T05:23:43.177Z","userId":"68232ad8828bda58cee1736f","action":"view","resourceType":"User","resourceId":"68232ad8828bda58cee1736f","details":"MongoDB view on User","userIp":"","userAgent":""}
{"timestamp":"2025-05-14T05:23:49.565Z","userId":"68232ad8828bda58cee1736f","action":"view","resourceType":"User","resourceId":"68232ad8828bda58cee1736f","details":"MongoDB view on User","userIp":"","userAgent":""}
{"timestamp":"2025-05-14T05:23:49.579Z","userId":"68232ad8828bda58cee1736f","action":"view","resourceType":"HealthData","resourceId":"multiple","details":"MongoDB view on HealthData","userIp":"","userAgent":""}
{"timestamp":"2025-05-14T05:23:53.381Z","userId":"68232ad8828bda58cee1736f","action":"view","resourceType":"User","resourceId":"68232ad8828bda58cee1736f","details":"MongoDB view on User","userIp":"","userAgent":""}
{"timestamp":"2025-05-14T05:23:53.472Z","userId":"68232ad8828bda58cee1736f","action":"view","resourceType":"User","resourceId":"68232ad8828bda58cee1736f","details":"MongoDB view on User","userIp":"","userAgent":""}
{"timestamp":"2025-05-14T05:23:53.502Z","userId":"68232ad8828bda58cee1736f","action":"view","resourceType":"User","resourceId":"68232ad8828bda58cee1736f","details":"MongoDB view on User","userIp":"","userAgent":""}
{"timestamp":"2025-05-14T05:23:53.509Z","userId":"68232ad8828bda58cee1736f","action":"view","resourceType":"User","resourceId":"68232ad8828bda58cee1736f","details":"MongoDB view on User","userIp":"","userAgent":""}
{"timestamp":"2025-05-14T05:23:53.517Z","userId":"68232ad8828bda58cee1736f","action":"view","resourceType":"User","resourceId":"68232ad8828bda58cee1736f","details":"MongoDB view on User","userIp":"","userAgent":""}
{"timestamp":"2025-05-14T05:23:53.523Z","userId":"68232ad8828bda58cee1736f","action":"view","resourceType":"User","resourceId":"68232ad8828bda58cee1736f","details":"MongoDB view on User","userIp":"","userAgent":""}
{"timestamp":"2025-05-14T05:23:53.539Z","userId":"68232ad8828bda58cee1736f","action":"view","resourceType":"HealthData","resourceId":"latest","details":"MongoDB view on HealthData","userIp":"","userAgent":""}
{"timestamp":"2025-05-14T05:23:53.550Z","userId":"68232ad8828bda58cee1736f","action":"view","resourceType":"AIInsight","resourceId":"multiple","details":"MongoDB view on AIInsight","userIp":"","userAgent":""}
{"timestamp":"2025-05-14T05:23:53.560Z","userId":"68232ad8828bda58cee1736f","action":"view","resourceType":"Reminder","resourceId":"multiple","details":"MongoDB view on Reminder","userIp":"","userAgent":""}
{"timestamp":"2025-05-14T05:23:53.569Z","userId":0,"action":"view","resourceType":"Doctor","resourceId":"multiple","details":"MongoDB view on Doctor","userIp":"","userAgent":""}
{"timestamp":"2025-05-14T05:23:53.576Z","userId":"68232ad8828bda58cee1736f","action":"view","resourceType":"User","resourceId":"68232ad8828bda58cee1736f","details":"MongoDB view on User","userIp":"","userAgent":""}
{"timestamp":"2025-05-14T05:23:53.613Z","userId":68232,"action":"view","resourceType":"Goal","resourceId":"multiple","details":"MongoDB view on Goal","userIp":"","userAgent":""}
{"timestamp":"2025-05-14T05:24:12.789Z","userId":"68232ad8828bda58cee1736f","action":"view","resourceType":"User","resourceId":"68232ad8828bda58cee1736f","details":"MongoDB view on User","userIp":"","userAgent":""}
{"timestamp":"2025-05-14T05:24:12.813Z","userId":"68232ad8828bda58cee1736f","action":"create","resourceType":"HealthData","resourceId":"multiple","details":"MongoDB create on HealthData","userIp":"","userAgent":""}
{"timestamp":"2025-05-14T05:24:12.864Z","userId":"68232ad8828bda58cee1736f","action":"view","resourceType":"User","resourceId":"68232ad8828bda58cee1736f","details":"MongoDB view on User","userIp":"","userAgent":""}
{"timestamp":"2025-05-14T05:24:12.876Z","userId":"68232ad8828bda58cee1736f","action":"view","resourceType":"HealthData","resourceId":"latest","details":"MongoDB view on HealthData","userIp":"","userAgent":""}
{"timestamp":"2025-05-14T05:24:16.945Z","userId":"68232ad8828bda58cee1736f","action":"view","resourceType":"User","resourceId":"68232ad8828bda58cee1736f","details":"MongoDB view on User","userIp":"","userAgent":""}
{"timestamp":"2025-05-14T05:24:16.958Z","userId":"68232ad8828bda58cee1736f","action":"view","resourceType":"HealthData","resourceId":"multiple","details":"MongoDB view on HealthData","userIp":"","userAgent":""}
{"timestamp":"2025-05-14T05:24:24.965Z","userId":"68232ad8828bda58cee1736f","action":"view","resourceType":"User","resourceId":"68232ad8828bda58cee1736f","details":"MongoDB view on User","userIp":"","userAgent":""}
{"timestamp":"2025-05-14T05:24:25.064Z","userId":"68232ad8828bda58cee1736f","action":"view","resourceType":"User","resourceId":"68232ad8828bda58cee1736f","details":"MongoDB view on User","userIp":"","userAgent":""}
{"timestamp":"2025-05-14T05:24:25.091Z","userId":"68232ad8828bda58cee1736f","action":"view","resourceType":"User","resourceId":"68232ad8828bda58cee1736f","details":"MongoDB view on User","userIp":"","userAgent":""}
{"timestamp":"2025-05-14T05:24:25.096Z","userId":"68232ad8828bda58cee1736f","action":"view","resourceType":"User","resourceId":"68232ad8828bda58cee1736f","details":"MongoDB view on User","userIp":"","userAgent":""}
{"timestamp":"2025-05-14T05:24:25.102Z","userId":"68232ad8828bda58cee1736f","action":"view","resourceType":"User","resourceId":"68232ad8828bda58cee1736f","details":"MongoDB view on User","userIp":"","userAgent":""}
{"timestamp":"2025-05-14T05:24:25.107Z","userId":"68232ad8828bda58cee1736f","action":"view","resourceType":"User","resourceId":"68232ad8828bda58cee1736f","details":"MongoDB view on User","userIp":"","userAgent":""}
{"timestamp":"2025-05-14T05:24:25.112Z","userId":"68232ad8828bda58cee1736f","action":"view","resourceType":"User","resourceId":"68232ad8828bda58cee1736f","details":"MongoDB view on User","userIp":"","userAgent":""}
{"timestamp":"2025-05-14T05:24:25.126Z","userId":"68232ad8828bda58cee1736f","action":"view","resourceType":"HealthData","resourceId":"latest","details":"MongoDB view on HealthData","userIp":"","userAgent":""}
{"timestamp":"2025-05-14T05:24:25.138Z","userId":"68232ad8828bda58cee1736f","action":"view","resourceType":"AIInsight","resourceId":"multiple","details":"MongoDB view on AIInsight","userIp":"","userAgent":""}
{"timestamp":"2025-05-14T05:24:25.151Z","userId":68232,"action":"view","resourceType":"Goal","resourceId":"multiple","details":"MongoDB view on Goal","userIp":"","userAgent":""}
{"timestamp":"2025-05-14T05:24:25.192Z","userId":0,"action":"view","resourceType":"Doctor","resourceId":"multiple","details":"MongoDB view on Doctor","userIp":"","userAgent":""}
{"timestamp":"2025-05-14T05:24:25.202Z","userId":"68232ad8828bda58cee1736f","action":"view","resourceType":"Reminder","resourceId":"multiple","details":"MongoDB view on Reminder","userIp":"","userAgent":""}
{"timestamp":"2025-05-14T05:24:41.301Z","userId":"68232ad8828bda58cee1736f","action":"view","resourceType":"User","resourceId":"68232ad8828bda58cee1736f","details":"MongoDB view on User","userIp":"","userAgent":""}
{"timestamp":"2025-05-14T05:24:41.355Z","userId":"68232ad8828bda58cee1736f","action":"view","resourceType":"User","resourceId":"68232ad8828bda58cee1736f","details":"MongoDB view on User","userIp":"","userAgent":""}
{"timestamp":"2025-05-14T05:24:41.365Z","userId":"68232ad8828bda58cee1736f","action":"view","resourceType":"Reminder","resourceId":"multiple","details":"MongoDB view on Reminder","userIp":"","userAgent":""}
{"timestamp":"2025-05-14T05:25:01.693Z","userId":"68232ad8828bda58cee1736f","action":"view","resourceType":"User","resourceId":"68232ad8828bda58cee1736f","details":"MongoDB view on User","userIp":"","userAgent":""}
{"timestamp":"2025-05-14T05:25:21.930Z","userId":"68232ad8828bda58cee1736f","action":"view","resourceType":"User","resourceId":"68232ad8828bda58cee1736f","details":"MongoDB view on User","userIp":"","userAgent":""}
{"timestamp":"2025-05-14T05:25:23.839Z","userId":"68232ad8828bda58cee1736f","action":"view","resourceType":"User","resourceId":"68232ad8828bda58cee1736f","details":"MongoDB view on User","userIp":"","userAgent":""}
{"timestamp":"2025-05-14T05:25:23.849Z","userId":"68232ad8828bda58cee1736f","action":"view","resourceType":"HealthData","resourceId":"latest","details":"MongoDB view on HealthData","userIp":"","userAgent":""}
{"timestamp":"2025-05-14T05:25:23.874Z","userId":"68232ad8828bda58cee1736f","action":"view","resourceType":"User","resourceId":"68232ad8828bda58cee1736f","details":"MongoDB view on User","userIp":"","userAgent":""}
{"timestamp":"2025-05-14T05:25:23.878Z","userId":"68232ad8828bda58cee1736f","action":"view","resourceType":"User","resourceId":"68232ad8828bda58cee1736f","details":"MongoDB view on User","userIp":"","userAgent":""}
{"timestamp":"2025-05-14T05:25:23.882Z","userId":"68232ad8828bda58cee1736f","action":"view","resourceType":"User","resourceId":"68232ad8828bda58cee1736f","details":"MongoDB view on User","userIp":"","userAgent":""}
{"timestamp":"2025-05-14T05:25:23.894Z","userId":"68232ad8828bda58cee1736f","action":"view","resourceType":"AIInsight","resourceId":"multiple","details":"MongoDB view on AIInsight","userIp":"","userAgent":""}
{"timestamp":"2025-05-14T05:25:23.908Z","userId":"68232ad8828bda58cee1736f","action":"view","resourceType":"User","resourceId":"68232ad8828bda58cee1736f","details":"MongoDB view on User","userIp":"","userAgent":""}
{"timestamp":"2025-05-14T05:25:23.913Z","userId":"68232ad8828bda58cee1736f","action":"view","resourceType":"User","resourceId":"68232ad8828bda58cee1736f","details":"MongoDB view on User","userIp":"","userAgent":""}
{"timestamp":"2025-05-14T05:25:23.929Z","userId":"68232ad8828bda58cee1736f","action":"view","resourceType":"Reminder","resourceId":"multiple","details":"MongoDB view on Reminder","userIp":"","userAgent":""}
{"timestamp":"2025-05-14T05:25:23.974Z","userId":0,"action":"view","resourceType":"Doctor","resourceId":"multiple","details":"MongoDB view on Doctor","userIp":"","userAgent":""}
{"timestamp":"2025-05-14T05:25:23.986Z","userId":68232,"action":"view","resourceType":"Goal","resourceId":"multiple","details":"MongoDB view on Goal","userIp":"","userAgent":""}
{"timestamp":"2025-05-14T05:25:24.161Z","userId":"68232ad8828bda58cee1736f","action":"view","resourceType":"User","resourceId":"68232ad8828bda58cee1736f","details":"MongoDB view on User","userIp":"","userAgent":""}
{"timestamp":"2025-05-14T05:25:24.170Z","userId":"68232ad8828bda58cee1736f","action":"view","resourceType":"User","resourceId":"68232ad8828bda58cee1736f","details":"MongoDB view on User","userIp":"","userAgent":""}
{"timestamp":"2025-05-14T05:25:24.183Z","userId":"68232ad8828bda58cee1736f","action":"view","resourceType":"HealthData","resourceId":"latest","details":"MongoDB view on HealthData","userIp":"","userAgent":""}
